// Jest Snapshot v1, https://goo.gl/fbAQLP

exports[`<Item /> renders and matches the snapshot 1`] = `
<ItemStyles__Item>
  <img
    alt="A Cool Item"
    src="dog.jpg"
  />
  <Title>
    <Link
      href={
        Object {
          "pathname": "/item",
          "query": Object {
            "id": "ABC123",
          },
        }
      }
    >
      <a>
        A Cool Item
      </a>
    </Link>
  </Title>
  <PriceTag>
    $50
  </PriceTag>
  <p>
    This item is really cool!
  </p>
  <Query
    query={
      Object {
        "definitions": Array [
          Object {
            "directives": Array [],
            "kind": "OperationDefinition",
            "name": undefined,
            "operation": "query",
            "selectionSet": Object {
              "kind": "SelectionSet",
              "selections": Array [
                Object {
                  "alias": undefined,
                  "arguments": Array [],
                  "directives": Array [
                    Object {
                      "arguments": Array [],
                      "kind": "Directive",
                      "name": Object {
                        "kind": "Name",
                        "value": "client",
                      },
                    },
                  ],
                  "kind": "Field",
                  "name": Object {
                    "kind": "Name",
                    "value": "me",
                  },
                  "selectionSet": undefined,
                },
              ],
            },
            "variableDefinitions": Array [],
          },
        ],
        "kind": "Document",
        "loc": Object {
          "end": 30,
          "start": 0,
        },
      }
    }
  >
    <Component />
  </Query>
</ItemStyles__Item>
`;
