// Jest Snapshot v1, https://goo.gl/fbAQLP

exports[`<Nav /> it renders a minimal nav when signed out 1`] = `
<ul
  className="NavStyles-sc-11c0d2g-0 xrMje"
  data-test="nav"
>
  <Link
    href="/items"
  >
    <a
      href="/items"
      onClick={[Function]}
    >
      Shop
    </a>
  </Link>
  <Link
    href="/signup"
  >
    <a
      href="/signup"
      onClick={[Function]}
    >
      Sign In
    </a>
  </Link>
</ul>
`;

exports[`<Nav /> it renders the amount of items in a cart 1`] = `
<div
  className="count CartCount__Dot-xxvp4g-0 jzkIQE"
>
  9
</div>
`;
